  console.log
    [dotenv@17.3.1] injecting env (20) from .env -- tip: ⚙️  load multiple .env files with { path: ['.env.local', '.env'] }

      at _log (node_modules/dotenv/lib/main.js:139:11)

  console.log
    Ranking job scheduled

      at Object.log (src/jobs/ranking.job.js:15:9)

  console.log
    Lead follow-up job scheduled

      at Object.log (src/jobs/followup.job.js:50:9)

  console.log
    Subscription expiry job scheduled

      at Object.log (src/jobs/expiry.job.js:88:9)

  console.error
    ERROR 💥 TypeError: Cannot set property query of [object Object] which has only a getter
        at F:\Dss-Project\b2b-community-marker-place\backend\node_modules\xss-clean\src\index.js:10:20
        at Layer.handleRequest (F:\Dss-Project\b2b-community-marker-place\backend\node_modules\router\lib\layer.js:152:17)
        at trimPrefix (F:\Dss-Project\b2b-community-marker-place\backend\node_modules\router\index.js:342:13)
        at F:\Dss-Project\b2b-community-marker-place\backend\node_modules\router\index.js:297:9
        at processParams (F:\Dss-Project\b2b-community-marker-place\backend\node_modules\router\index.js:582:12)
        at next (F:\Dss-Project\b2b-community-marker-place\backend\node_modules\router\index.js:291:5)
        at internalNext (F:\Dss-Project\b2b-community-marker-place\backend\node_modules\helmet\index.cjs:531:6)
        at xXssProtectionMiddleware (F:\Dss-Project\b2b-community-marker-place\backend\node_modules\helmet\index.cjs:311:3)
        at internalNext (F:\Dss-Project\b2b-community-marker-place\backend\node_modules\helmet\index.cjs:529:6)
        at xPoweredByMiddleware (F:\Dss-Project\b2b-community-marker-place\backend\node_modules\helmet\index.cjs:304:3)
        at internalNext (F:\Dss-Project\b2b-community-marker-place\backend\node_modules\helmet\index.cjs:529:6)
        at xPermittedCrossDomainPoliciesMiddleware (F:\Dss-Project\b2b-community-marker-place\backend\node_modules\helmet\index.cjs:297:3)
        at internalNext (F:\Dss-Project\b2b-community-marker-place\backend\node_modules\helmet\index.cjs:529:6)
        at xFrameOptionsMiddleware (F:\Dss-Project\b2b-community-marker-place\backend\node_modules\helmet\index.cjs:281:3)
        at internalNext (F:\Dss-Project\b2b-community-marker-place\backend\node_modules\helmet\index.cjs:529:6)
        at xDownloadOptionsMiddleware (F:\Dss-Project\b2b-community-marker-place\backend\node_modules\helmet\index.cjs:261:3)
        at internalNext (F:\Dss-Project\b2b-community-marker-place\backend\node_modules\helmet\index.cjs:529:6)
        at xDnsPrefetchControlMiddleware (F:\Dss-Project\b2b-community-marker-place\backend\node_modules\helmet\index.cjs:254:3)
        at internalNext (F:\Dss-Project\b2b-community-marker-place\backend\node_modules\helmet\index.cjs:529:6)
        at xContentTypeOptionsMiddleware (F:\Dss-Project\b2b-community-marker-place\backend\node_modules\helmet\index.cjs:246:3)
        at internalNext (F:\Dss-Project\b2b-community-marker-place\backend\node_modules\helmet\index.cjs:529:6)
        at strictTransportSecurityMiddleware (F:\Dss-Project\b2b-community-marker-place\backend\node_modules\helmet\index.cjs:239:3)
        at internalNext (F:\Dss-Project\b2b-community-marker-place\backend\node_modules\helmet\index.cjs:529:6)
        at referrerPolicyMiddleware (F:\Dss-Project\b2b-community-marker-place\backend\node_modules\helmet\index.cjs:207:3)
        at internalNext (F:\Dss-Project\b2b-community-marker-place\backend\node_modules\helmet\index.cjs:529:6)
        at originAgentClusterMiddleware (F:\Dss-Project\b2b-community-marker-place\backend\node_modules\helmet\index.cjs:182:3)
        at internalNext (F:\Dss-Project\b2b-community-marker-place\backend\node_modules\helmet\index.cjs:529:6)
        at crossOriginResourcePolicyMiddleware (F:\Dss-Project\b2b-community-marker-place\backend\node_modules\helmet\index.cjs:175:3)
        at internalNext (F:\Dss-Project\b2b-community-marker-place\backend\node_modules\helmet\index.cjs:529:6)
        at crossOriginOpenerPolicyMiddleware (F:\Dss-Project\b2b-community-marker-place\backend\node_modules\helmet\index.cjs:159:3)
        at internalNext (F:\Dss-Project\b2b-community-marker-place\backend\node_modules\helmet\index.cjs:529:6)
        at contentSecurityPolicyMiddleware (F:\Dss-Project\b2b-community-marker-place\backend\node_modules\helmet\index.cjs:124:4)
        at internalNext (F:\Dss-Project\b2b-community-marker-place\backend\node_modules\helmet\index.cjs:529:6)
        at helmetMiddleware (F:\Dss-Project\b2b-community-marker-place\backend\node_modules\helmet\index.cjs:533:6)
        at Layer.handleRequest (F:\Dss-Project\b2b-community-marker-place\backend\node_modules\router\lib\layer.js:152:17)
        at trimPrefix (F:\Dss-Project\b2b-community-marker-place\backend\node_modules\router\index.js:342:13)
        at F:\Dss-Project\b2b-community-marker-place\backend\node_modules\router\index.js:297:9
        at processParams (F:\Dss-Project\b2b-community-marker-place\backend\node_modules\router\index.js:582:12)
        at next (F:\Dss-Project\b2b-community-marker-place\backend\node_modules\router\index.js:291:5)
        at Function.handle (F:\Dss-Project\b2b-community-marker-place\backend\node_modules\router\index.js:186:3)
        at Function.handle (F:\Dss-Project\b2b-community-marker-place\backend\node_modules\express\lib\application.js:177:15)
        at Server.app (F:\Dss-Project\b2b-community-marker-place\backend\node_modules\express\lib\express.js:38:9)
        at Server.emit (node:events:518:28)
        at parserOnIncoming (node:_http_server:1153:12)
        at HTTPParser.parserOnHeadersComplete (node:_http_common:117:17) {
      statusCode: 500,
      status: 'error'
    }

    [0m [90m 34 |[39m     })[33m;[39m
     [90m 35 |[39m   } [36melse[39m {
    [31m[1m>[22m[39m[90m 36 |[39m     console[33m.[39merror([32m'ERROR 💥'[39m[33m,[39m err)[33m;[39m
     [90m    |[39m             [31m[1m^[22m[39m
     [90m 37 |[39m     res[33m.[39mstatus([35m500[39m)[33m.[39mjson({
     [90m 38 |[39m       status[33m:[39m [32m'error'[39m[33m,[39m
     [90m 39 |[39m       message[33m:[39m [32m'Something went very wrong!'[39m[33m,[39m[0m

      at error (src/middleware/error.middleware.js:36:13)
      at sendErrorProd (src/middleware/error.middleware.js:65:5)
      at Layer.handleError (node_modules/router/lib/layer.js:116:17)
      at trimPrefix (node_modules/router/index.js:340:13)
      at node_modules/router/index.js:297:9
      at processParams (node_modules/router/index.js:582:12)
      at next (node_modules/router/index.js:291:5)
      at Layer.handleError (node_modules/router/lib/layer.js:111:12)
      at trimPrefix (node_modules/router/index.js:340:13)
      at node_modules/router/index.js:297:9
      at processParams (node_modules/router/index.js:582:12)
      at next (node_modules/router/index.js:291:5)
      at Layer.handleError (node_modules/router/lib/layer.js:111:12)
      at trimPrefix (node_modules/router/index.js:340:13)
      at node_modules/router/index.js:297:9
      at processParams (node_modules/router/index.js:582:12)
      at next (node_modules/router/index.js:291:5)
      at Layer.handleError (node_modules/router/lib/layer.js:111:12)
      at trimPrefix (node_modules/router/index.js:340:13)
      at node_modules/router/index.js:297:9
      at processParams (node_modules/router/index.js:582:12)
      at next (node_modules/router/index.js:291:5)
      at Layer.handleError (node_modules/router/lib/layer.js:111:12)
      at trimPrefix (node_modules/router/index.js:340:13)
      at node_modules/router/index.js:297:9
      at processParams (node_modules/router/index.js:582:12)
      at next (node_modules/router/index.js:291:5)
      at Layer.handleError (node_modules/router/lib/layer.js:111:12)
      at trimPrefix (node_modules/router/index.js:340:13)
      at node_modules/router/index.js:297:9
      at processParams (node_modules/router/index.js:582:12)
      at next (node_modules/router/index.js:291:5)
      at Layer.handleRequest (node_modules/router/lib/layer.js:165:5)
      at trimPrefix (node_modules/router/index.js:342:13)
      at node_modules/router/index.js:297:9
      at processParams (node_modules/router/index.js:582:12)
      at next (node_modules/router/index.js:291:5)
      at internalNext (node_modules/helmet/index.cjs:531:6)
      at xXssProtectionMiddleware (node_modules/helmet/index.cjs:311:3)
      at internalNext (node_modules/helmet/index.cjs:529:6)
      at xPoweredByMiddleware (node_modules/helmet/index.cjs:304:3)
      at internalNext (node_modules/helmet/index.cjs:529:6)
      at xPermittedCrossDomainPoliciesMiddleware (node_modules/helmet/index.cjs:297:3)
      at internalNext (node_modules/helmet/index.cjs:529:6)
      at xFrameOptionsMiddleware (node_modules/helmet/index.cjs:281:3)
      at internalNext (node_modules/helmet/index.cjs:529:6)
      at xDownloadOptionsMiddleware (node_modules/helmet/index.cjs:261:3)
      at internalNext (node_modules/helmet/index.cjs:529:6)
      at xDnsPrefetchControlMiddleware (node_modules/helmet/index.cjs:254:3)
      at internalNext (node_modules/helmet/index.cjs:529:6)
      at xContentTypeOptionsMiddleware (node_modules/helmet/index.cjs:246:3)
      at internalNext (node_modules/helmet/index.cjs:529:6)
      at strictTransportSecurityMiddleware (node_modules/helmet/index.cjs:239:3)
      at internalNext (node_modules/helmet/index.cjs:529:6)
      at referrerPolicyMiddleware (node_modules/helmet/index.cjs:207:3)
      at internalNext (node_modules/helmet/index.cjs:529:6)
      at originAgentClusterMiddleware (node_modules/helmet/index.cjs:182:3)
      at internalNext (node_modules/helmet/index.cjs:529:6)
      at crossOriginResourcePolicyMiddleware (node_modules/helmet/index.cjs:175:3)
      at internalNext (node_modules/helmet/index.cjs:529:6)
      at crossOriginOpenerPolicyMiddleware (node_modules/helmet/index.cjs:159:3)
      at internalNext (node_modules/helmet/index.cjs:529:6)
      at contentSecurityPolicyMiddleware (node_modules/helmet/index.cjs:124:4)
      at internalNext (node_modules/helmet/index.cjs:529:6)
      at helmetMiddleware (node_modules/helmet/index.cjs:533:6)
      at Layer.handleRequest (node_modules/router/lib/layer.js:152:17)
      at trimPrefix (node_modules/router/index.js:342:13)
      at node_modules/router/index.js:297:9
      at processParams (node_modules/router/index.js:582:12)
      at next (node_modules/router/index.js:291:5)
      at Function.handle (node_modules/router/index.js:186:3)
      at Function.handle (node_modules/express/lib/application.js:177:15)
      at Server.app (node_modules/express/lib/express.js:38:9)

  console.error
    ERROR 💥 TypeError: Cannot set property query of [object Object] which has only a getter
        at F:\Dss-Project\b2b-community-marker-place\backend\node_modules\xss-clean\src\index.js:10:20
        at Layer.handleRequest (F:\Dss-Project\b2b-community-marker-place\backend\node_modules\router\lib\layer.js:152:17)
        at trimPrefix (F:\Dss-Project\b2b-community-marker-place\backend\node_modules\router\index.js:342:13)
        at F:\Dss-Project\b2b-community-marker-place\backend\node_modules\router\index.js:297:9
        at processParams (F:\Dss-Project\b2b-community-marker-place\backend\node_modules\router\index.js:582:12)
        at next (F:\Dss-Project\b2b-community-marker-place\backend\node_modules\router\index.js:291:5)
        at internalNext (F:\Dss-Project\b2b-community-marker-place\backend\node_modules\helmet\index.cjs:531:6)
        at xXssProtectionMiddleware (F:\Dss-Project\b2b-community-marker-place\backend\node_modules\helmet\index.cjs:311:3)
        at internalNext (F:\Dss-Project\b2b-community-marker-place\backend\node_modules\helmet\index.cjs:529:6)
        at xPoweredByMiddleware (F:\Dss-Project\b2b-community-marker-place\backend\node_modules\helmet\index.cjs:304:3)
        at internalNext (F:\Dss-Project\b2b-community-marker-place\backend\node_modules\helmet\index.cjs:529:6)
        at xPermittedCrossDomainPoliciesMiddleware (F:\Dss-Project\b2b-community-marker-place\backend\node_modules\helmet\index.cjs:297:3)
        at internalNext (F:\Dss-Project\b2b-community-marker-place\backend\node_modules\helmet\index.cjs:529:6)
        at xFrameOptionsMiddleware (F:\Dss-Project\b2b-community-marker-place\backend\node_modules\helmet\index.cjs:281:3)
        at internalNext (F:\Dss-Project\b2b-community-marker-place\backend\node_modules\helmet\index.cjs:529:6)
        at xDownloadOptionsMiddleware (F:\Dss-Project\b2b-community-marker-place\backend\node_modules\helmet\index.cjs:261:3)
        at internalNext (F:\Dss-Project\b2b-community-marker-place\backend\node_modules\helmet\index.cjs:529:6)
        at xDnsPrefetchControlMiddleware (F:\Dss-Project\b2b-community-marker-place\backend\node_modules\helmet\index.cjs:254:3)
        at internalNext (F:\Dss-Project\b2b-community-marker-place\backend\node_modules\helmet\index.cjs:529:6)
        at xContentTypeOptionsMiddleware (F:\Dss-Project\b2b-community-marker-place\backend\node_modules\helmet\index.cjs:246:3)
        at internalNext (F:\Dss-Project\b2b-community-marker-place\backend\node_modules\helmet\index.cjs:529:6)
        at strictTransportSecurityMiddleware (F:\Dss-Project\b2b-community-marker-place\backend\node_modules\helmet\index.cjs:239:3)
        at internalNext (F:\Dss-Project\b2b-community-marker-place\backend\node_modules\helmet\index.cjs:529:6)
        at referrerPolicyMiddleware (F:\Dss-Project\b2b-community-marker-place\backend\node_modules\helmet\index.cjs:207:3)
        at internalNext (F:\Dss-Project\b2b-community-marker-place\backend\node_modules\helmet\index.cjs:529:6)
        at originAgentClusterMiddleware (F:\Dss-Project\b2b-community-marker-place\backend\node_modules\helmet\index.cjs:182:3)
        at internalNext (F:\Dss-Project\b2b-community-marker-place\backend\node_modules\helmet\index.cjs:529:6)
        at crossOriginResourcePolicyMiddleware (F:\Dss-Project\b2b-community-marker-place\backend\node_modules\helmet\index.cjs:175:3)
        at internalNext (F:\Dss-Project\b2b-community-marker-place\backend\node_modules\helmet\index.cjs:529:6)
        at crossOriginOpenerPolicyMiddleware (F:\Dss-Project\b2b-community-marker-place\backend\node_modules\helmet\index.cjs:159:3)
        at internalNext (F:\Dss-Project\b2b-community-marker-place\backend\node_modules\helmet\index.cjs:529:6)
        at contentSecurityPolicyMiddleware (F:\Dss-Project\b2b-community-marker-place\backend\node_modules\helmet\index.cjs:124:4)
        at internalNext (F:\Dss-Project\b2b-community-marker-place\backend\node_modules\helmet\index.cjs:529:6)
        at helmetMiddleware (F:\Dss-Project\b2b-community-marker-place\backend\node_modules\helmet\index.cjs:533:6)
        at Layer.handleRequest (F:\Dss-Project\b2b-community-marker-place\backend\node_modules\router\lib\layer.js:152:17)
        at trimPrefix (F:\Dss-Project\b2b-community-marker-place\backend\node_modules\router\index.js:342:13)
        at F:\Dss-Project\b2b-community-marker-place\backend\node_modules\router\index.js:297:9
        at processParams (F:\Dss-Project\b2b-community-marker-place\backend\node_modules\router\index.js:582:12)
        at next (F:\Dss-Project\b2b-community-marker-place\backend\node_modules\router\index.js:291:5)
        at Function.handle (F:\Dss-Project\b2b-community-marker-place\backend\node_modules\router\index.js:186:3)
        at Function.handle (F:\Dss-Project\b2b-community-marker-place\backend\node_modules\express\lib\application.js:177:15)
        at Server.app (F:\Dss-Project\b2b-community-marker-place\backend\node_modules\express\lib\express.js:38:9)
        at Server.emit (node:events:518:28)
        at parserOnIncoming (node:_http_server:1153:12)
        at HTTPParser.parserOnHeadersComplete (node:_http_common:117:17) {
      statusCode: 500,
      status: 'error'
    }

    [0m [90m 34 |[39m     })[33m;[39m
     [90m 35 |[39m   } [36melse[39m {
    [31m[1m>[22m[39m[90m 36 |[39m     console[33m.[39merror([32m'ERROR 💥'[39m[33m,[39m err)[33m;[39m
     [90m    |[39m             [31m[1m^[22m[39m
     [90m 37 |[39m     res[33m.[39mstatus([35m500[39m)[33m.[39mjson({
     [90m 38 |[39m       status[33m:[39m [32m'error'[39m[33m,[39m
     [90m 39 |[39m       message[33m:[39m [32m'Something went very wrong!'[39m[33m,[39m[0m

      at error (src/middleware/error.middleware.js:36:13)
      at sendErrorProd (src/middleware/error.middleware.js:65:5)
      at Layer.handleError (node_modules/router/lib/layer.js:116:17)
      at trimPrefix (node_modules/router/index.js:340:13)
      at node_modules/router/index.js:297:9
      at processParams (node_modules/router/index.js:582:12)
      at next (node_modules/router/index.js:291:5)
      at Layer.handleError (node_modules/router/lib/layer.js:111:12)
      at trimPrefix (node_modules/router/index.js:340:13)
      at node_modules/router/index.js:297:9
      at processParams (node_modules/router/index.js:582:12)
      at next (node_modules/router/index.js:291:5)
      at Layer.handleError (node_modules/router/lib/layer.js:111:12)
      at trimPrefix (node_modules/router/index.js:340:13)
      at node_modules/router/index.js:297:9
      at processParams (node_modules/router/index.js:582:12)
      at next (node_modules/router/index.js:291:5)
      at Layer.handleError (node_modules/router/lib/layer.js:111:12)
      at trimPrefix (node_modules/router/index.js:340:13)
      at node_modules/router/index.js:297:9
      at processParams (node_modules/router/index.js:582:12)
      at next (node_modules/router/index.js:291:5)
      at Layer.handleError (node_modules/router/lib/layer.js:111:12)
      at trimPrefix (node_modules/router/index.js:340:13)
      at node_modules/router/index.js:297:9
      at processParams (node_modules/router/index.js:582:12)
      at next (node_modules/router/index.js:291:5)
      at Layer.handleError (node_modules/router/lib/layer.js:111:12)
      at trimPrefix (node_modules/router/index.js:340:13)
      at node_modules/router/index.js:297:9
      at processParams (node_modules/router/index.js:582:12)
      at next (node_modules/router/index.js:291:5)
      at Layer.handleRequest (node_modules/router/lib/layer.js:165:5)
      at trimPrefix (node_modules/router/index.js:342:13)
      at node_modules/router/index.js:297:9
      at processParams (node_modules/router/index.js:582:12)
      at next (node_modules/router/index.js:291:5)
      at internalNext (node_modules/helmet/index.cjs:531:6)
      at xXssProtectionMiddleware (node_modules/helmet/index.cjs:311:3)
      at internalNext (node_modules/helmet/index.cjs:529:6)
      at xPoweredByMiddleware (node_modules/helmet/index.cjs:304:3)
      at internalNext (node_modules/helmet/index.cjs:529:6)
      at xPermittedCrossDomainPoliciesMiddleware (node_modules/helmet/index.cjs:297:3)
      at internalNext (node_modules/helmet/index.cjs:529:6)
      at xFrameOptionsMiddleware (node_modules/helmet/index.cjs:281:3)
      at internalNext (node_modules/helmet/index.cjs:529:6)
      at xDownloadOptionsMiddleware (node_modules/helmet/index.cjs:261:3)
      at internalNext (node_modules/helmet/index.cjs:529:6)
      at xDnsPrefetchControlMiddleware (node_modules/helmet/index.cjs:254:3)
      at internalNext (node_modules/helmet/index.cjs:529:6)
      at xContentTypeOptionsMiddleware (node_modules/helmet/index.cjs:246:3)
      at internalNext (node_modules/helmet/index.cjs:529:6)
      at strictTransportSecurityMiddleware (node_modules/helmet/index.cjs:239:3)
      at internalNext (node_modules/helmet/index.cjs:529:6)
      at referrerPolicyMiddleware (node_modules/helmet/index.cjs:207:3)
      at internalNext (node_modules/helmet/index.cjs:529:6)
      at originAgentClusterMiddleware (node_modules/helmet/index.cjs:182:3)
      at internalNext (node_modules/helmet/index.cjs:529:6)
      at crossOriginResourcePolicyMiddleware (node_modules/helmet/index.cjs:175:3)
      at internalNext (node_modules/helmet/index.cjs:529:6)
      at crossOriginOpenerPolicyMiddleware (node_modules/helmet/index.cjs:159:3)
      at internalNext (node_modules/helmet/index.cjs:529:6)
      at contentSecurityPolicyMiddleware (node_modules/helmet/index.cjs:124:4)
      at internalNext (node_modules/helmet/index.cjs:529:6)
      at helmetMiddleware (node_modules/helmet/index.cjs:533:6)
      at Layer.handleRequest (node_modules/router/lib/layer.js:152:17)
      at trimPrefix (node_modules/router/index.js:342:13)
      at node_modules/router/index.js:297:9
      at processParams (node_modules/router/index.js:582:12)
      at next (node_modules/router/index.js:291:5)
      at Function.handle (node_modules/router/index.js:186:3)
      at Function.handle (node_modules/express/lib/application.js:177:15)
      at Server.app (node_modules/express/lib/express.js:38:9)

  console.error
    ERROR 💥 TypeError: Cannot set property query of [object Object] which has only a getter
        at F:\Dss-Project\b2b-community-marker-place\backend\node_modules\xss-clean\src\index.js:10:20
        at Layer.handleRequest (F:\Dss-Project\b2b-community-marker-place\backend\node_modules\router\lib\layer.js:152:17)
        at trimPrefix (F:\Dss-Project\b2b-community-marker-place\backend\node_modules\router\index.js:342:13)
        at F:\Dss-Project\b2b-community-marker-place\backend\node_modules\router\index.js:297:9
        at processParams (F:\Dss-Project\b2b-community-marker-place\backend\node_modules\router\index.js:582:12)
        at next (F:\Dss-Project\b2b-community-marker-place\backend\node_modules\router\index.js:291:5)
        at internalNext (F:\Dss-Project\b2b-community-marker-place\backend\node_modules\helmet\index.cjs:531:6)
        at xXssProtectionMiddleware (F:\Dss-Project\b2b-community-marker-place\backend\node_modules\helmet\index.cjs:311:3)
        at internalNext (F:\Dss-Project\b2b-community-marker-place\backend\node_modules\helmet\index.cjs:529:6)
        at xPoweredByMiddleware (F:\Dss-Project\b2b-community-marker-place\backend\node_modules\helmet\index.cjs:304:3)
        at internalNext (F:\Dss-Project\b2b-community-marker-place\backend\node_modules\helmet\index.cjs:529:6)
        at xPermittedCrossDomainPoliciesMiddleware (F:\Dss-Project\b2b-community-marker-place\backend\node_modules\helmet\index.cjs:297:3)
        at internalNext (F:\Dss-Project\b2b-community-marker-place\backend\node_modules\helmet\index.cjs:529:6)
        at xFrameOptionsMiddleware (F:\Dss-Project\b2b-community-marker-place\backend\node_modules\helmet\index.cjs:281:3)
        at internalNext (F:\Dss-Project\b2b-community-marker-place\backend\node_modules\helmet\index.cjs:529:6)
        at xDownloadOptionsMiddleware (F:\Dss-Project\b2b-community-marker-place\backend\node_modules\helmet\index.cjs:261:3)
        at internalNext (F:\Dss-Project\b2b-community-marker-place\backend\node_modules\helmet\index.cjs:529:6)
        at xDnsPrefetchControlMiddleware (F:\Dss-Project\b2b-community-marker-place\backend\node_modules\helmet\index.cjs:254:3)
        at internalNext (F:\Dss-Project\b2b-community-marker-place\backend\node_modules\helmet\index.cjs:529:6)
        at xContentTypeOptionsMiddleware (F:\Dss-Project\b2b-community-marker-place\backend\node_modules\helmet\index.cjs:246:3)
        at internalNext (F:\Dss-Project\b2b-community-marker-place\backend\node_modules\helmet\index.cjs:529:6)
        at strictTransportSecurityMiddleware (F:\Dss-Project\b2b-community-marker-place\backend\node_modules\helmet\index.cjs:239:3)
        at internalNext (F:\Dss-Project\b2b-community-marker-place\backend\node_modules\helmet\index.cjs:529:6)
        at referrerPolicyMiddleware (F:\Dss-Project\b2b-community-marker-place\backend\node_modules\helmet\index.cjs:207:3)
        at internalNext (F:\Dss-Project\b2b-community-marker-place\backend\node_modules\helmet\index.cjs:529:6)
        at originAgentClusterMiddleware (F:\Dss-Project\b2b-community-marker-place\backend\node_modules\helmet\index.cjs:182:3)
        at internalNext (F:\Dss-Project\b2b-community-marker-place\backend\node_modules\helmet\index.cjs:529:6)
        at crossOriginResourcePolicyMiddleware (F:\Dss-Project\b2b-community-marker-place\backend\node_modules\helmet\index.cjs:175:3)
        at internalNext (F:\Dss-Project\b2b-community-marker-place\backend\node_modules\helmet\index.cjs:529:6)
        at crossOriginOpenerPolicyMiddleware (F:\Dss-Project\b2b-community-marker-place\backend\node_modules\helmet\index.cjs:159:3)
        at internalNext (F:\Dss-Project\b2b-community-marker-place\backend\node_modules\helmet\index.cjs:529:6)
        at contentSecurityPolicyMiddleware (F:\Dss-Project\b2b-community-marker-place\backend\node_modules\helmet\index.cjs:124:4)
        at internalNext (F:\Dss-Project\b2b-community-marker-place\backend\node_modules\helmet\index.cjs:529:6)
        at helmetMiddleware (F:\Dss-Project\b2b-community-marker-place\backend\node_modules\helmet\index.cjs:533:6)
        at Layer.handleRequest (F:\Dss-Project\b2b-community-marker-place\backend\node_modules\router\lib\layer.js:152:17)
        at trimPrefix (F:\Dss-Project\b2b-community-marker-place\backend\node_modules\router\index.js:342:13)
        at F:\Dss-Project\b2b-community-marker-place\backend\node_modules\router\index.js:297:9
        at processParams (F:\Dss-Project\b2b-community-marker-place\backend\node_modules\router\index.js:582:12)
        at next (F:\Dss-Project\b2b-community-marker-place\backend\node_modules\router\index.js:291:5)
        at Function.handle (F:\Dss-Project\b2b-community-marker-place\backend\node_modules\router\index.js:186:3)
        at Function.handle (F:\Dss-Project\b2b-community-marker-place\backend\node_modules\express\lib\application.js:177:15)
        at Server.app (F:\Dss-Project\b2b-community-marker-place\backend\node_modules\express\lib\express.js:38:9)
        at Server.emit (node:events:518:28)
        at parserOnIncoming (node:_http_server:1153:12)
        at HTTPParser.parserOnHeadersComplete (node:_http_common:117:17) {
      statusCode: 500,
      status: 'error'
    }

    [0m [90m 34 |[39m     })[33m;[39m
     [90m 35 |[39m   } [36melse[39m {
    [31m[1m>[22m[39m[90m 36 |[39m     console[33m.[39merror([32m'ERROR 💥'[39m[33m,[39m err)[33m;[39m
     [90m    |[39m             [31m[1m^[22m[39m
     [90m 37 |[39m     res[33m.[39mstatus([35m500[39m)[33m.[39mjson({
     [90m 38 |[39m       status[33m:[39m [32m'error'[39m[33m,[39m
     [90m 39 |[39m       message[33m:[39m [32m'Something went very wrong!'[39m[33m,[39m[0m

      at error (src/middleware/error.middleware.js:36:13)
      at sendErrorProd (src/middleware/error.middleware.js:65:5)
      at Layer.handleError (node_modules/router/lib/layer.js:116:17)
      at trimPrefix (node_modules/router/index.js:340:13)
      at node_modules/router/index.js:297:9
      at processParams (node_modules/router/index.js:582:12)
      at next (node_modules/router/index.js:291:5)
      at Layer.handleError (node_modules/router/lib/layer.js:111:12)
      at trimPrefix (node_modules/router/index.js:340:13)
      at node_modules/router/index.js:297:9
      at processParams (node_modules/router/index.js:582:12)
      at next (node_modules/router/index.js:291:5)
      at Layer.handleError (node_modules/router/lib/layer.js:111:12)
      at trimPrefix (node_modules/router/index.js:340:13)
      at node_modules/router/index.js:297:9
      at processParams (node_modules/router/index.js:582:12)
      at next (node_modules/router/index.js:291:5)
      at Layer.handleError (node_modules/router/lib/layer.js:111:12)
      at trimPrefix (node_modules/router/index.js:340:13)
      at node_modules/router/index.js:297:9
      at processParams (node_modules/router/index.js:582:12)
      at next (node_modules/router/index.js:291:5)
      at Layer.handleError (node_modules/router/lib/layer.js:111:12)
      at trimPrefix (node_modules/router/index.js:340:13)
      at node_modules/router/index.js:297:9
      at processParams (node_modules/router/index.js:582:12)
      at next (node_modules/router/index.js:291:5)
      at Layer.handleError (node_modules/router/lib/layer.js:111:12)
      at trimPrefix (node_modules/router/index.js:340:13)
      at node_modules/router/index.js:297:9
      at processParams (node_modules/router/index.js:582:12)
      at next (node_modules/router/index.js:291:5)
      at Layer.handleError (node_modules/router/lib/layer.js:111:12)
      at trimPrefix (node_modules/router/index.js:340:13)
      at node_modules/router/index.js:297:9
      at processParams (node_modules/router/index.js:582:12)
      at next (node_modules/router/index.js:291:5)
      at Layer.handleRequest (node_modules/router/lib/layer.js:165:5)
      at trimPrefix (node_modules/router/index.js:342:13)
      at node_modules/router/index.js:297:9
      at processParams (node_modules/router/index.js:582:12)
      at next (node_modules/router/index.js:291:5)
      at internalNext (node_modules/helmet/index.cjs:531:6)
      at xXssProtectionMiddleware (node_modules/helmet/index.cjs:311:3)
      at internalNext (node_modules/helmet/index.cjs:529:6)
      at xPoweredByMiddleware (node_modules/helmet/index.cjs:304:3)
      at internalNext (node_modules/helmet/index.cjs:529:6)
      at xPermittedCrossDomainPoliciesMiddleware (node_modules/helmet/index.cjs:297:3)
      at internalNext (node_modules/helmet/index.cjs:529:6)
      at xFrameOptionsMiddleware (node_modules/helmet/index.cjs:281:3)
      at internalNext (node_modules/helmet/index.cjs:529:6)
      at xDownloadOptionsMiddleware (node_modules/helmet/index.cjs:261:3)
      at internalNext (node_modules/helmet/index.cjs:529:6)
      at xDnsPrefetchControlMiddleware (node_modules/helmet/index.cjs:254:3)
      at internalNext (node_modules/helmet/index.cjs:529:6)
      at xContentTypeOptionsMiddleware (node_modules/helmet/index.cjs:246:3)
      at internalNext (node_modules/helmet/index.cjs:529:6)
      at strictTransportSecurityMiddleware (node_modules/helmet/index.cjs:239:3)
      at internalNext (node_modules/helmet/index.cjs:529:6)
      at referrerPolicyMiddleware (node_modules/helmet/index.cjs:207:3)
      at internalNext (node_modules/helmet/index.cjs:529:6)
      at originAgentClusterMiddleware (node_modules/helmet/index.cjs:182:3)
      at internalNext (node_modules/helmet/index.cjs:529:6)
      at crossOriginResourcePolicyMiddleware (node_modules/helmet/index.cjs:175:3)
      at internalNext (node_modules/helmet/index.cjs:529:6)
      at crossOriginOpenerPolicyMiddleware (node_modules/helmet/index.cjs:159:3)
      at internalNext (node_modules/helmet/index.cjs:529:6)
      at contentSecurityPolicyMiddleware (node_modules/helmet/index.cjs:124:4)
      at internalNext (node_modules/helmet/index.cjs:529:6)
      at helmetMiddleware (node_modules/helmet/index.cjs:533:6)
      at Layer.handleRequest (node_modules/router/lib/layer.js:152:17)
      at trimPrefix (node_modules/router/index.js:342:13)
      at node_modules/router/index.js:297:9
      at processParams (node_modules/router/index.js:582:12)
      at next (node_modules/router/index.js:291:5)
      at Function.handle (node_modules/router/index.js:186:3)
      at Function.handle (node_modules/express/lib/application.js:177:15)
      at Server.app (node_modules/express/lib/express.js:38:9)

FAIL tests/health.test.js
  Health & Root Endpoints
    × GET / — should return API running message (59 ms)
    × GET /health — should return ok status (13 ms)
    × GET /nonexistent — should return 404 (19 ms)

  ● Health & Root Endpoints › GET / — should return API running message

    expect(received).toBe(expected) // Object.is equality

    Expected: 200
    Received: 500

    [0m [90m  5 |[39m   it([32m'GET / — should return API running message'[39m[33m,[39m [36masync[39m () [33m=>[39m {
     [90m  6 |[39m     [36mconst[39m res [33m=[39m [36mawait[39m request(app)[33m.[39m[36mget[39m([32m'/'[39m)[33m;[39m
    [31m[1m>[22m[39m[90m  7 |[39m     expect(res[33m.[39mstatusCode)[33m.[39mtoBe([35m200[39m)[33m;[39m
     [90m    |[39m                            [31m[1m^[22m[39m
     [90m  8 |[39m     expect(res[33m.[39mtext)[33m.[39mtoContain([32m'B2B Marketplace API Running'[39m)[33m;[39m
     [90m  9 |[39m   })[33m;[39m
     [90m 10 |[39m[0m

      at Object.toBe (tests/health.test.js:7:28)

  ● Health & Root Endpoints › GET /health — should return ok status

    expect(received).toBe(expected) // Object.is equality

    Expected: 200
    Received: 500

    [0m [90m 11 |[39m   it([32m'GET /health — should return ok status'[39m[33m,[39m [36masync[39m () [33m=>[39m {
     [90m 12 |[39m     [36mconst[39m res [33m=[39m [36mawait[39m request(app)[33m.[39m[36mget[39m([32m'/health'[39m)[33m;[39m
    [31m[1m>[22m[39m[90m 13 |[39m     expect(res[33m.[39mstatusCode)[33m.[39mtoBe([35m200[39m)[33m;[39m
     [90m    |[39m                            [31m[1m^[22m[39m
     [90m 14 |[39m     expect(res[33m.[39mbody[33m.[39mstatus)[33m.[39mtoBe([32m'ok'[39m)[33m;[39m
     [90m 15 |[39m     expect(res[33m.[39mbody[33m.[39mtimestamp)[33m.[39mtoBeDefined()[33m;[39m
     [90m 16 |[39m   })[33m;[39m[0m

      at Object.toBe (tests/health.test.js:13:28)

  ● Health & Root Endpoints › GET /nonexistent — should return 404

    expect(received).toBe(expected) // Object.is equality

    Expected: 404
    Received: 500

    [0m [90m 18 |[39m   it([32m'GET /nonexistent — should return 404'[39m[33m,[39m [36masync[39m () [33m=>[39m {
     [90m 19 |[39m     [36mconst[39m res [33m=[39m [36mawait[39m request(app)[33m.[39m[36mget[39m([32m'/api/nonexistent-route'[39m)[33m;[39m
    [31m[1m>[22m[39m[90m 20 |[39m     expect(res[33m.[39mstatusCode)[33m.[39mtoBe([35m404[39m)[33m;[39m
     [90m    |[39m                            [31m[1m^[22m[39m
     [90m 21 |[39m   })[33m;[39m
     [90m 22 |[39m })[33m;[39m
     [90m 23 |[39m[0m

      at Object.toBe (tests/health.test.js:20:28)

Test Suites: 1 failed, 1 total
Tests:       3 failed, 3 total
Snapshots:   0 total
Time:        1.708 s, estimated 3 s
Ran all test suites matching tests/health.test.js.
Force exiting Jest: Have you considered using `--detectOpenHandles` to detect async operations that kept running after all tests finished?
